// Jest Snapshot v1, https://goo.gl/fbAQLP

exports[`pkgjson-dep-jump-nm Test test:export 1`] = `"<span style=\\"color:#569CD6;\\">lodash</span>&nbsp;&nbsp;[NPM](https://www.npmjs.com/package/lodash)[HomePage](https://lodash.com/)&nbsp;&nbsp;&nbsp;&nbsp;[Repository](https://github.com/lodash/lodash)&nbsp;&nbsp;&nbsp;&nbsp;"`;

exports[`pkgjson-dep-jump-nm Test test:import 1`] = `"<span style=\\"color:#569CD6;\\">lodash</span>&nbsp;&nbsp;[NPM](https://www.npmjs.com/package/lodash)[HomePage](https://lodash.com/)&nbsp;&nbsp;&nbsp;&nbsp;[Repository](https://github.com/lodash/lodash)&nbsp;&nbsp;&nbsp;&nbsp;"`;

exports[`pkgjson-dep-jump-nm Test test:inside-block-require 1`] = `"<span style=\\"color:#569CD6;\\">lodash</span>&nbsp;&nbsp;[NPM](https://www.npmjs.com/package/lodash)[HomePage](https://lodash.com/)&nbsp;&nbsp;&nbsp;&nbsp;[Repository](https://github.com/lodash/lodash)&nbsp;&nbsp;&nbsp;&nbsp;"`;

exports[`pkgjson-dep-jump-nm Test test:require 1`] = `"<span style=\\"color:#569CD6;\\">lodash</span>&nbsp;&nbsp;[NPM](https://www.npmjs.com/package/lodash)[HomePage](https://lodash.com/)&nbsp;&nbsp;&nbsp;&nbsp;[Repository](https://github.com/lodash/lodash)&nbsp;&nbsp;&nbsp;&nbsp;"`;

exports[`pkgjson-dep-jump-nm Test vue test 1`] = `"<span style=\\"color:#569CD6;\\">lodash</span>&nbsp;&nbsp;[NPM](https://www.npmjs.com/package/lodash)[HomePage](https://lodash.com/)&nbsp;&nbsp;&nbsp;&nbsp;[Repository](https://github.com/lodash/lodash)&nbsp;&nbsp;&nbsp;&nbsp;"`;
